
Memory Configuration

Name             Origin             Length             Attributes
FLASH            0x00000000         0x0001f000         xr
SRAM             0x20000000         0x00004000         xrw
*default*        0x00000000         0xffffffff

Linker script and memory map

LOAD main.o
LOAD strtup.o

.text           0x00000000       0xa0
 *(.isr_vetor)
 *(.text)
 .text          0x00000000        0x6 main.o
                0x00000000                main
 *fill*         0x00000006        0x2 
 .text          0x00000008       0x98 strtup.o
                0x00000008                Default_handler
                0x00000008                NMI_handler
                0x0000000e                Reset_handler
 *(.rodata)
                0x000000a0                _etext = .

.glue_7         0x000000a0        0x0
 .glue_7        0x000000a0        0x0 linker stubs

.glue_7t        0x000000a0        0x0
 .glue_7t       0x000000a0        0x0 linker stubs

.vfp11_veneer   0x000000a0        0x0
 .vfp11_veneer  0x000000a0        0x0 linker stubs

.v4_bx          0x000000a0        0x0
 .v4_bx         0x000000a0        0x0 linker stubs

.iplt           0x000000a0        0x0
 .iplt          0x000000a0        0x0 strtup.o

.rel.dyn        0x000000a0        0x0
 .rel.iplt      0x000000a0        0x0 strtup.o

.data           0x20000000        0x0 load address 0x000000a0
                0x20000000                _sdata = .
 *(.data)
 .data          0x20000000        0x0 main.o
 .data          0x20000000        0x0 strtup.o
                0x20000000                _edata = .

.isr_vector     0x20000000        0xc load address 0x000000a0
 .isr_vector    0x20000000        0xc strtup.o
                0x20000000                vectors

.igot.plt       0x2000000c        0x0 load address 0x000000ac
 .igot.plt      0x2000000c        0x0 strtup.o

.bss            0x2000000c        0x0 load address 0x000000ac
                0x2000000c                _sbss = .
 *(.bss)
 .bss           0x2000000c        0x0 main.o
 .bss           0x2000000c        0x0 strtup.o
                0x2000000c                _ebss = .
OUTPUT(final.elf elf32-littlearm)
LOAD linker stubs

.comment        0x00000000       0x49
 .comment       0x00000000       0x49 main.o
                                 0x4a (size before relaxing)
 .comment       0x00000049       0x4a strtup.o

.ARM.attributes
                0x00000000       0x2c
 .ARM.attributes
                0x00000000       0x2c main.o
 .ARM.attributes
                0x0000002c       0x2c strtup.o
